matrix reference ".NOT_A_LIST" must resolve to a list
task: Failed to parse /home/pete/dev/github.com/go-task/task/testdata/for/deps/Taskfile.yml:
